── έξοδος ──
── ο κατάλογος ονομάζει κάθε σχήμα, στη γλώσσα που ζητήθηκε ──
  ✓ el: βγήκε με 0
  ✓ el: ο τίτλος
  ✓ el: κάθε σχήμα, με το όνομα και τη μετάφρασή του
  ✓ es: βγήκε με 0
  ✓ es: ο τίτλος
  ✓ es: κάθε σχήμα, με το όνομα και τη μετάφρασή του
  ✓ en: βγήκε με 0
  ✓ en: ο τίτλος
  ✓ en: κάθε σχήμα, με το όνομα και τη μετάφρασή του
  ✓ hi: βγήκε με 0
  ✓ hi: ο τίτλος
  ✓ hi: κάθε σχήμα, με το όνομα και τη μετάφρασή του
── ένας κακός κανόνας λέγεται στη γλώσσα του χρήστη, με κωδικό 2 ──
  ✓ es B3S23
  ✓ en 3/23
  ✓ hi B9/S23
  ✓ el /S23
── άγνωστο σχήμα και άγνωστη επιλογή ──
  ✓ άγνωστο σχήμα
  ✓ άγνωστη επιλογή
── μια παρτίδα λέει σε ποια γενιά είναι ──
  ✓ blinker: βγήκε με 0
  ✓ blinker: γράφει «γενιά» στα ισπανικά
  ✔ έξοδος                   20 δοκιμές
