▸ ΤΡΕΧΕΙ    γενιά 4   5 ζωντανά   10×10 τόρος   B3/S23   500 ms   ολισθητής
────────────────────────────────────────────────────────────────────────────────
 . . . . . . . . . .
 . . . . . . . . . .
 . . . . . . . . . .
 . . . . . . . . . .
 . . . . .[] . . . .
 . . . . . .[] . . .
 . . . .[][][] . . .
 . . . . . . . . . .
 . . . . . . . . . .
 . . . . . . . . . .
↑↓←→ κίνηση  SPACE άλλαξε  ↵ τρέξε/στοπ  n βήμα  p σχήμα  c σβήσε  q έξοδος
σταμάτησες στη γενιά 4
