▸ ΣΥΝΤΑΞΗ   γενιά 0   0 ζωντανά   12×40 τόρος   B3/S23   120 ms   —
────────────────────────────────────────────────────────────────────────────────
 . . . . . . . . . . . . . . . . . . . . . . . . . . . . . . . . . . . . . . . .
 . . . . . . . . . . . . . . . . . . . . . . . . . . . . . . . . . . . . . . . .
 . . . . . . . . . . . . . . . . . . . . . . . . . . . . . . . . . . . . . . . .
 . . . . . . . . . . . . . . . . . . . . . . . . . . . . . . . . . . . . . . . .
 . . . . . . . . . . . . . . . . . . . . . . . . . . . . . . . . . . . . . . . .
 . . . . . . . . . .╭─────────────────────────────────────╮. . . . . . . . . . .
 . . . . . . . . . .│           Διάλεξε γλώσσα            │. . . . . . . . . . .
 . . . . . . . . . .├─────────────────────────────────────┤. . . . . . . . . . .
 . . . . . . . . . .│  ▸ el   Ελληνικά                    │. . . . . . . . . . .
 . . . . . . . . . .│    es   Español                     │. . . . . . . . . . .
 . . . . . . . . . .│    en   English                     │. . . . . . . . . . .
 . . . . . . . . . .│    hi   हिन्दी.                        │. . . . . . . . . . .
↑↓←→ κίνηση  SPACE άλλαξε  ↵ τρέξε/στοπ  n βήμα  p σχήμα  c σβήσε  q έξοδος
▸ ΣΥΝΤΑΞΗ   γενιά 0   0 ζωντανά   12×40 τόρος   B3/S23   120 ms   —
────────────────────────────────────────────────────────────────────────────────
 . . . . . . . . . . . . . . . . . . . . . . . . . . . . . . . . . . . . . . . .
 . . . . . . . . . . . . . . . . . . . . . . . . . . . . . . . . . . . . . . . .
 . . . . . . . . . . . . . . . . . . . . . . . . . . . . . . . . . . . . . . . .
 . . . . . . . . . . . . . . . . . . . . . . . . . . . . . . . . . . . . . . . .
 . . . . . . . . . . . . . . . . . . . . . . . . . . . . . . . . . . . . . . . .
 . . . . . . . . . . . . . . . . . . .<> . . . . . . . . . . . . . . . . . . . .
 . . . . . . . . . . . . . . . . . . . . . . . . . . . . . . . . . . . . . . . .
 . . . . . . . . . . . . . . . . . . . . . . . . . . . . . . . . . . . . . . . .
 . . . . . . . . . . . . . . . . . . . . . . . . . . . . . . . . . . . . . . . .
 . . . . . . . . . . . . . . . . . . . . . . . . . . . . . . . . . . . . . . . .
 . . . . . . . . . . . . . . . . . . . . . . . . . . . . . . . . . . . . . . . .
 . . . . . . . . . . . . . . . . . . . . . . . . . . . . . . . . . . . . . . . .
↑↓←→ κίνηση  SPACE άλλαξε  ↵ τρέξε/στοπ  n βήμα  p σχήμα  c σβήσε  q έξοδος
σταμάτησες στη γενιά 0
