▸ ΣΥΝΤΑΞΗ   γενιά 1   3 ζωντανά   10×10 τόρος   B3/S23   120 ms   αναβοσβήστης
────────────────────────────────────────────────────────────────────────────────
 . . . . . . . . . .
 . . . . . . . . . .
 . . . . . . . . . .
 . . . .[] . . . . .
 . . . .<> . . . . .
 . . . .[] . . . . .
 . . . . . . . . . .
 . . . . . . . . . .
 . . . . . . . . . .
 . . . . . . . . . .
↑↓←→ κίνηση  SPACE άλλαξε  ↵ τρέξε/στοπ  n βήμα  p σχήμα  c σβήσε  q έξοδος
σταμάτησες στη γενιά 1
