▸ ΣΥΝΤΑΞΗ   γενιά ╭──────────────────────────────────────────╮s   —
──────────────────│              Διάλεξε σχήμα               │──────────────────
 . . . . . . . . .├──────────────────────────────────────────┤ . . . . . . . . .
 . . . . . . . . .│  ▸ τετράγωνο              ακίνητο        │ . . . . . . . . .
 . . . . . . . . .│    κυψέλη                 ακίνητο        │ . . . . . . . . .
 . . . . . . . . .│    καρβέλι                ακίνητο        │ . . . . . . . . .
 . . . . . . . . .│    βάρκα                  ακίνητο        │ . . . . . . . . .
 . . . . . . . . .│    σκάφη                  ακίνητο        │ . . . . . . . . .
 . . . . . . . . .│    αναβοσβήστης           ταλαντωτής     │ . . . . . . . . .
 . . . . . . . . .│    φρύνος                 ταλαντωτής     │ . . . . . . . . .
 . . . . . . . . .│    φάρος                  ταλαντωτής     │ . . . . . . . . .
 . . . . . . . . .│    παλμητής               ταλαντωτής     │ . . . . . . . . .
 . . . . . . . . .│    πεντάδεκάθλο           ταλαντωτής     │ . . . . . . . . .
 . . . . . . . . .│    ολισθητής              διαστημόπλοιο  │ . . . . . . . . .
 . . . . . . . . .│    ελαφρύ σκάφος          διαστημόπλοιο  │ . . . . . . . . .
 . . . . . . . . .│    μεσαίο σκάφος          διαστημόπλοιο  │ . . . . . . . . .
 . . . . . . . . .│    βαρύ σκάφος            διαστημόπλοιο  │ . . . . . . . . .
 . . . . . . . . .│    ρο-πεντόμινο           μαθουσάλας     │ . . . . . . . . .
↑↓←→ κίνηση  SPACE╰──────────────────────────────────────────╯ήσε  q έξοδος
▸ ΣΥΝΤΑΞΗ   γενιά 0   0 ζωντανά   16×40 τόρος   B3/S23   120 ms   —
────────────────────────────────────────────────────────────────────────────────
 . . . . . . . . . . . . . . . . . . . . . . . . . . . . . . . . . . . . . . . .
 . . . . . . . . . . . . . . . . . . . . . . . . . . . . . . . . . . . . . . . .
 . . . . . . . . . . . . . . . . . . . . . . . . . . . . . . . . . . . . . . . .
 . . . . . . . . . . . . . . . . . . . . . . . . . . . . . . . . . . . . . . . .
 . . . . . . . . . . . . . . . . . . . . . . . . . . . . . . . . . . . . . . . .
 . . . . . . . . . . . . . . . . . . . . . . . . . . . . . . . . . . . . . . . .
 . . . . . . . . . . . . . . . . . . . . . . . . . . . . . . . . . . . . . . . .
 . . . . . . . . . . . . . . . . . . .<> . . . . . . . . . . . . . . . . . . . .
 . . . . . . . . . . . . . . . . . . . . . . . . . . . . . . . . . . . . . . . .
 . . . . . . . . . . . . . . . . . . . . . . . . . . . . . . . . . . . . . . . .
 . . . . . . . . . . . . . . . . . . . . . . . . . . . . . . . . . . . . . . . .
 . . . . . . . . . . . . . . . . . . . . . . . . . . . . . . . . . . . . . . . .
 . . . . . . . . . . . . . . . . . . . . . . . . . . . . . . . . . . . . . . . .
 . . . . . . . . . . . . . . . . . . . . . . . . . . . . . . . . . . . . . . . .
 . . . . . . . . . . . . . . . . . . . . . . . . . . . . . . . . . . . . . . . .
 . . . . . . . . . . . . . . . . . . . . . . . . . . . . . . . . . . . . . . . .
↑↓←→ κίνηση  SPACE άλλαξε  ↵ τρέξε/στοπ  n βήμα  p σχήμα  c σβήσε  q έξοδος
σταμάτησες στη γενιά 0
