▸ संपादन   पीढ़ी ०   ४ कोशिकाएँ जीवित   १०×१० टोरस   B3/S23   १२० ms   खंड
────────────────────────────────────────────────────────────────────────────────
 . . . . . . . . . .
 . . . . . . . . . .
 . . . . . . . . . .
 . . . . . . . . . .
 . . . .<>[] . . . .
 . . . .[][] . . . .
 . . . . . . . . . .
 . . . . . . . . . .
 . . . . . . . . . .
 . . . . . . . . . .
↑↓←→ चलाएँ  SPACE बदलें  ↵ चालू/बंद  n कदम  p आकृति  c साफ़  r यादृच्छि  क  t रूप  q बाहर
आपने पीढ़ी ० पर रोका
