▸ ΣΥΝΤΑΞΗ   γενιά 0   0 ζωντανά   10×10 τόρος   B3/S23   100 ms   —
────────────────────────────────────────────────────────────────────────────────
 . . . . . . . . . .
 . . . . . . . . . .
 . . . . . . . . . .
 . . . . . . . . . .
 . . . .<> . . . . .
 . . . . . . . . . .
 . . . . . . . . . .
 . . . . . . . . . .
 . . . . . . . . . .
 . . . . . . . . . .
↑↓←→ κίνηση  SPACE άλλαξε  ↵ τρέξε/στοπ  n βήμα  p σχήμα  c σβήσε  q έξοδος
σταμάτησες στη γενιά 0
