▸ ΤΕΛΟΣ     γενιά 2   3 ζωντανά   10×10 τόρος   B3/S23   20 ms   αναβοσβήστης
────────────────────────────────────────────────────────────────────────────────
 . . . . . . . . . .
 . . . . . . . . . .
 . . . . . . . . . .
 . . . . . . . . . .
 . . .[][][] . . . .
 . . . . . . . . . .
 . . . . . . . . . .
 . . . . . . . . . .
 . . . . . . . . . .
 . . . . . . . . . .
■ ο κόσμος ταλαντώνεται με περίοδο 2, από τη γενιά 2   ·   ↵ τρέξε/στοπ   q έξοδ
ο κόσμος ταλαντώνεται με περίοδο 2, από τη γενιά 2
